// Jest Snapshot v1, https://goo.gl/fbAQLP

exports[`Pruebas en <GifGridItem /> debe hacer match con el Snapshot 1`] = `
<div>
  <div
    class="card"
  >
    <img
      alt="Valorant"
      src="https://www.giphy.com/valorant.gif"
    />
    <p>
      Valorant
    </p>
  </div>
</div>
`;
